// Jest Snapshot v1, https://goo.gl/fbAQLP

exports[`renders a snapshot 1`] = `
<div
  className="card"
>
  <img
    className="card-img-top"
    src="profile.png"
  />
  <div
    className="card-body"
  >
    <p
      className="card-text"
    >
      <h1>
        Username
      </h1>
      Tyler-Will
      <h1>
        About Me
      </h1>
      Lorem ipsum dolor sit amet, consectetur adipisicing elit. Excepturi, est sit, dolorum recusandae quod laudantium minima impedit nesciunt expedita quasi iure error autem eum cumque ullam quis fugit, perspiciatis officia.
    </p>
  </div>
</div>
`;
